2026-02-25 13:23:54,616 [INFO] pipeline: Pipeline start date=20260225 step=crawl demo=False
2026-02-25 13:23:54,616 [INFO] pipeline: [STEP] crawl start
2026-02-25 13:23:55,117 [INFO] modules.crawler: No HTML episode anchors found. Trying API fallback: /v1.0/open/media/episode/list
2026-02-25 13:23:55,628 [INFO] modules.crawler: Parsed episode candidates: 5
2026-02-25 13:23:55,632 [WARNING] modules.crawler: No episodes found for target date 2026-02-24
2026-02-25 13:23:55,634 [INFO] pipeline: Selection rule: no explicit target token; selected latest episode in date=20260225 airtime=12:30
2026-02-25 13:23:56,041 [ERROR] pipeline: Pipeline failed: episode.mp3_url is empty
Traceback (most recent call last):
  File "C:\Users\cys\Desktop\python_workspace\arirang_learner\main.py", line 250, in run_pipeline
    episode = step_crawl(cfg, target_date)
  File "C:\Users\cys\Desktop\python_workspace\arirang_learner\main.py", line 160, in step_crawl
    downloaded = download_episode(detailed, cfg)
  File "C:\Users\cys\Desktop\python_workspace\arirang_learner\modules\crawler.py", line 433, in download_episode
    raise ValueError("episode.mp3_url is empty")
ValueError: episode.mp3_url is empty
2026-02-25 13:31:43,184 [INFO] pipeline: Pipeline start date=20260225 step=crawl demo=False
2026-02-25 13:31:43,184 [INFO] pipeline: [STEP] crawl start
2026-02-25 13:31:43,185 [ERROR] pipeline: Pipeline failed: Playwright is required. Install: pip install playwright
Traceback (most recent call last):
  File "C:\Users\cys\Desktop\python_workspace\arirang_learner\modules\crawler.py", line 171, in _async_fetch_episode_list
    from playwright.async_api import async_playwright  # type: ignore
    ^^^^^^^^^^^^^^^^^^^^^^^^^^^^^^^^^^^^^^^^^^^^^^^^^
ModuleNotFoundError: No module named 'playwright'

The above exception was the direct cause of the following exception:

Traceback (most recent call last):
  File "C:\Users\cys\Desktop\python_workspace\arirang_learner\main.py", line 250, in run_pipeline
    episode = step_crawl(cfg, target_date)
  File "C:\Users\cys\Desktop\python_workspace\arirang_learner\main.py", line 154, in step_crawl
    episodes = fetch_episode_list(cfg)
  File "C:\Users\cys\Desktop\python_workspace\arirang_learner\modules\crawler.py", line 241, in fetch_episode_list
    episodes = asyncio.run(_async_fetch_episode_list(cfg))
  File "C:\Users\cys\AppData\Local\Python\pythoncore-3.14-64\Lib\asyncio\runners.py", line 204, in run
    return runner.run(main)
           ~~~~~~~~~~^^^^^^
  File "C:\Users\cys\AppData\Local\Python\pythoncore-3.14-64\Lib\asyncio\runners.py", line 127, in run
    return self._loop.run_until_complete(task)
           ~~~~~~~~~~~~~~~~~~~~~~~~~~~~~^^^^^^
  File "C:\Users\cys\AppData\Local\Python\pythoncore-3.14-64\Lib\asyncio\base_events.py", line 719, in run_until_complete
    return future.result()
           ~~~~~~~~~~~~~^^
  File "C:\Users\cys\Desktop\python_workspace\arirang_learner\modules\crawler.py", line 173, in _async_fetch_episode_list
    raise RuntimeError("Playwright is required. Install: pip install playwright") from exc
RuntimeError: Playwright is required. Install: pip install playwright
2026-02-25 23:37:26,829 [INFO] pipeline: Pipeline start date=20260225 step=None demo=False
2026-02-25 23:37:26,829 [INFO] pipeline: [STEP] crawl start
2026-02-25 23:37:26,862 [INFO] modules.crawler: Parsed episode candidates: 1
2026-02-25 23:37:26,862 [INFO] modules.crawler: Episode selection rule: matched D-1 and target timeslot token (21:55/10 PM/2155). selected=https://www.arirang.com/radio/132/podcast/668?lang=en
2026-02-25 23:37:26,862 [INFO] modules.crawler: Target candidate summary: date=20260225 airtime=21:55 title=21:55 Arirang News
2026-02-25 23:37:26,862 [INFO] pipeline: Selection rule: D-1 + target timeslot token matched (21:55/10 PM/2155). url=https://www.arirang.com/radio/132/podcast/668?lang=en
2026-02-25 23:37:39,735 [WARNING] modules.crawler: Playwright detail had no downloadable media URL. Using Kollus fallback.
2026-02-25 23:37:43,636 [INFO] pipeline: [STEP] crawl success
2026-02-25 23:37:43,636 [INFO] pipeline: [STEP] analyze start
2026-02-25 23:38:03,922 [INFO] modules.analyzer: Saved vocabulary json=logs/vocabulary_20260225.json csv=logs/vocabulary_20260225.csv count=30
2026-02-25 23:38:03,922 [INFO] pipeline: [STEP] analyze success json=logs/vocabulary_20260225.json csv=logs/vocabulary_20260225.csv count=30
2026-02-25 23:38:03,922 [INFO] pipeline: [STEP] report start
2026-02-25 23:38:03,925 [INFO] modules.reporter: Saved report: reports/report_20260225_2155.html
2026-02-25 23:38:03,925 [INFO] pipeline: [STEP] report success path=reports/report_20260225_2155.html
2026-02-25 23:44:40,219 [INFO] pipeline: Pipeline start date=20260225 step=None demo=False
2026-02-25 23:44:40,219 [INFO] pipeline: [STEP] crawl start
2026-02-25 23:44:40,251 [INFO] modules.crawler: Parsed episode candidates: 1
2026-02-25 23:44:40,251 [INFO] modules.crawler: Episode selection rule: matched D-1 and target timeslot token (21:55/10 PM/2155). selected=https://www.arirang.com/radio/132/podcast/668?lang=en
2026-02-25 23:44:40,251 [INFO] modules.crawler: Target candidate summary: date=20260225 airtime=21:55 title=21:55 Arirang News
2026-02-25 23:44:40,252 [INFO] pipeline: Selection rule: D-1 + target timeslot token matched (21:55/10 PM/2155). url=https://www.arirang.com/radio/132/podcast/668?lang=en
2026-02-25 23:44:53,763 [WARNING] modules.crawler: Playwright detail had no downloadable media URL. Using Kollus fallback.
2026-02-25 23:44:54,998 [INFO] modules.crawler: Skip download: already success for key=20260225_2155
2026-02-25 23:44:54,998 [INFO] pipeline: [STEP] crawl success
2026-02-25 23:44:54,998 [INFO] pipeline: [STEP] analyze start
2026-02-25 23:45:14,916 [INFO] modules.analyzer: Saved vocabulary json=logs/vocabulary_20260225.json csv=logs/vocabulary_20260225.csv count=30
2026-02-25 23:45:14,916 [INFO] pipeline: [STEP] analyze success json=logs/vocabulary_20260225.json csv=logs/vocabulary_20260225.csv count=30
2026-02-25 23:45:14,916 [INFO] pipeline: [STEP] report start
2026-02-25 23:45:14,919 [INFO] modules.reporter: Saved report: reports/report_20260225_2155.html
2026-02-25 23:45:14,919 [INFO] pipeline: [STEP] report success path=reports/report_20260225_2155.html
2026-02-25 23:50:30,063 [INFO] pipeline: Pipeline start date=20260225 step=None demo=False
2026-02-25 23:50:30,063 [INFO] pipeline: [STEP] crawl start
2026-02-25 23:50:30,097 [INFO] modules.crawler: Parsed episode candidates: 1
2026-02-25 23:50:30,097 [INFO] modules.crawler: Episode selection rule: matched D-1 and target timeslot token (21:55/10 PM/2155). selected=https://www.arirang.com/radio/132/podcast/668?lang=en
2026-02-25 23:50:30,097 [INFO] modules.crawler: Target candidate summary: date=20260225 airtime=21:55 title=21:55 Arirang News
2026-02-25 23:50:30,098 [INFO] pipeline: Selection rule: D-1 + target timeslot token matched (21:55/10 PM/2155). url=https://www.arirang.com/radio/132/podcast/668?lang=en
2026-02-25 23:50:46,174 [WARNING] modules.crawler: Playwright detail had no downloadable media URL. Using Kollus fallback.
2026-02-25 23:50:47,496 [INFO] modules.crawler: Skip download: already success for key=20260225_2155
2026-02-25 23:50:47,496 [INFO] pipeline: [STEP] crawl success
2026-02-25 23:50:47,496 [INFO] pipeline: [STEP] analyze start
2026-02-25 23:51:13,645 [INFO] modules.analyzer: Saved vocabulary json=logs/vocabulary_20260225.json csv=logs/vocabulary_20260225.csv count=30
2026-02-25 23:51:13,645 [INFO] pipeline: [STEP] analyze success json=logs/vocabulary_20260225.json csv=logs/vocabulary_20260225.csv count=30
2026-02-25 23:51:13,646 [INFO] pipeline: [STEP] report start
2026-02-25 23:51:13,649 [INFO] modules.reporter: Saved report: reports/report_20260225_2155.html
2026-02-25 23:51:13,649 [INFO] pipeline: [STEP] report success path=reports/report_20260225_2155.html
2026-02-26 00:07:54,547 [INFO] pipeline: Pipeline start date=20260225 step=None demo=False
2026-02-26 00:07:54,547 [INFO] pipeline: [STEP] crawl start
2026-02-26 00:07:54,579 [INFO] modules.crawler: Parsed episode candidates: 1
2026-02-26 00:07:54,579 [INFO] modules.crawler: Episode selection rule: matched D-1 and target timeslot token (21:55/10 PM/2155). selected=https://www.arirang.com/radio/132/podcast/668?lang=en
2026-02-26 00:07:54,579 [INFO] modules.crawler: Target candidate summary: date=20260225 airtime=21:55 title=21:55 Arirang News
2026-02-26 00:07:54,579 [INFO] pipeline: Selection rule: D-1 + target timeslot token matched (21:55/10 PM/2155). url=https://www.arirang.com/radio/132/podcast/668?lang=en
2026-02-26 00:08:13,133 [WARNING] modules.crawler: Playwright detail had no downloadable media URL. Using Kollus fallback.
2026-02-26 00:08:14,318 [INFO] modules.crawler: Skip download: already success for key=20260225_2155
2026-02-26 00:08:14,319 [INFO] pipeline: [STEP] crawl success
2026-02-26 00:08:14,319 [INFO] pipeline: [STEP] analyze start
2026-02-26 00:08:31,614 [INFO] modules.analyzer: Saved vocabulary json=logs/vocabulary_20260225.json csv=logs/vocabulary_20260225.csv count=30
2026-02-26 00:08:31,614 [INFO] pipeline: [STEP] analyze success json=logs/vocabulary_20260225.json csv=logs/vocabulary_20260225.csv count=30
2026-02-26 00:08:31,614 [INFO] pipeline: [STEP] report start
2026-02-26 00:08:31,617 [INFO] modules.reporter: Saved report: reports/report_20260225_2155.html
2026-02-26 00:08:31,618 [INFO] pipeline: [STEP] report success path=reports/report_20260225_2155.html
